../Core/Inc/dw1000_stm32.h:12:20:dw1000_SPI_Transfer	32	static
../Core/Inc/dw1000_stm32.h:32:20:dw1000_WriteData	48	static
../Core/Inc/dw1000_stm32.h:38:20:dw1000_ReadData	48	static
../Core/Inc/dw1000_stm32.h:44:20:dw1000_WriteSubData	48	static
../Core/Src/main.c:78:5:main	456	static
../Core/Src/main.c:246:13:DW1000_LoadLDE_Microcode	40	static
../Core/Src/main.c:256:13:DW1000_Force_TRXOFF	24	static
../Core/Src/main.c:261:13:DW1000_ClearAllStatus_Manual	24	static
../Core/Src/main.c:267:13:DW1000_DisableFrameFiltering	32	static
../Core/Src/main.c:274:13:UART_Print	32	static
../Core/Src/main.c:289:13:DW1000_EnableEventIrq	32	static
../Core/Src/main.c:306:16:DW1000_WaitForIrqStatus	24	static,ignoring_inline_asm
../Core/Src/main.c:329:13:TAG_RetryBackoff	8	static
../Core/Src/main.c:335:13:DW1000_HardReset	48	static
../Core/Src/main.c:349:27:dw1000_GetTxTimestamp	136	static
../Core/Src/main.c:357:27:dw1000_GetRxTimestamp	136	static
../Core/Src/main.c:365:6:SystemClock_Config	88	static
../Core/Src/main.c:387:13:MX_SPI1_Init	8	static
../Core/Src/main.c:405:13:MX_DMA_Init	16	static
../Core/Src/main.c:425:13:MX_USART2_UART_Init	8	static
../Core/Src/main.c:441:13:MX_GPIO_Init	48	static
../Core/Src/main.c:460:6:HAL_GPIO_EXTI_Callback	16	static
../Core/Src/main.c:466:6:HAL_UART_TxCpltCallback	16	static
../Core/Src/main.c:472:6:HAL_UART_ErrorCallback	16	static
../Core/Src/main.c:478:6:EXTI4_15_IRQHandler	8	static
../Core/Src/main.c:482:6:DMA1_Channel1_IRQHandler	8	static
../Core/Src/main.c:486:6:Error_Handler	8	static,ignoring_inline_asm
