../Core/Inc/dw1000_stm32.h:12:20:dw1000_SPI_Transfer	32	static
../Core/Inc/dw1000_stm32.h:32:20:dw1000_WriteData	48	static
../Core/Inc/dw1000_stm32.h:38:20:dw1000_ReadData	48	static
../Core/Inc/dw1000_stm32.h:44:20:dw1000_WriteSubData	48	static
../Core/Inc/dw1000_stm32.h:61:20:dw1000_ReadSubData	48	static
../Core/Src/dw1000.c:18:6:dw1000_SetBit	16	static
../Core/Src/dw1000.c:26:9:dw1000_IsSet	16	static
../Core/Src/dw1000.c:34:9:dw1000_ReadSubReg8	40	static
../Core/Src/dw1000.c:40:10:dw1000_ReadSubReg16	40	static
../Core/Src/dw1000.c:46:10:dw1000_ReadSubReg32	40	static
../Core/Src/dw1000.c:53:9:dw1000_Init	64	static
../Core/Src/dw1000.c:90:17:dw1000_GetDevID	40	static
../Core/Src/dw1000.c:101:19:dw1000_GetPanAddress	40	static
../Core/Src/dw1000.c:110:6:dw1000_SetPanAddress	24	static
../Core/Src/dw1000.c:120:18:dw1000_GetChannel	40	static
../Core/Src/dw1000.c:132:6:dw1000_SetChannel	32	static
../Core/Src/dw1000.c:142:20:dw1000_GetSystemTimeCounter	136	static
../Core/Src/dw1000.c:149:10:dw1000_GetReceiverTimeTrackingInterval	32	static
../Core/Src/dw1000.c:155:6:dw1000_GetSystemStatus	16	static
../Core/Src/dw1000.c:159:10:dw1000_GetSystemState	32	static
../Core/Src/dw1000.c:166:6:dw1000_ClearAllStatus	32	static
../Core/Src/dw1000.c:172:6:dw1000_IdleMode	32	static
../Core/Src/dw1000.c:179:6:dw1000_StartTransmit	40	static
../Core/Src/dw1000.c:198:6:dw1000_ClearTransmitStatus	32	static
../Core/Src/dw1000.c:208:6:dw1000_SetDataToTransmit	24	static
../Core/Src/dw1000.c:215:6:dw1000_StartReceive	32	static
../Core/Src/dw1000.c:227:6:dw1000_ClearReceiveStatus	32	static
../Core/Src/dw1000.c:240:6:dw1000_ReceiveAutoEnable	32	static
../Core/Src/dw1000.c:247:9:dw1000_ReceiveDataFrameReady	32	static
../Core/Src/dw1000.c:253:10:dw1000_GetDataReceivedLength	32	static
../Core/Src/dw1000.c:262:6:dw1000_GetDataReceived	24	static
../Core/Src/dw1000.c:293:20:dw1000_PlanDelayedTransmit	88	static
../Core/Src/dw1000.c:313:6:dw1000_StartDelayedTransmit	40	static
